=== 2023-08 ===
{"ok":true,"dataInicial":"01/08/2023","dataFinal":"31/08/2023","results":[{"filial":"PAULICOMP SP","error":"A data informada no filtro (01/08/2023) está fora do período permitido pelo plano (a partir de 03/09/2023)."},{"filial":"PAULICOMP SUL","lidos":1,"inseridos":0},{"filial":"COMP TRADE","error":"A data informada no filtro (01/08/2023) está fora do período permitido pelo plano (a partir de 03/09/2023)."}],"insertedTotal":0}
=== 2023-09 ===
{"ok":true,"dataInicial":"01/09/2023","dataFinal":"30/09/2023","results":[{"filial":"PAULICOMP SP","error":"A data informada no filtro (01/09/2023) está fora do período permitido pelo plano (a partir de 03/09/2023)."},{"filial":"PAULICOMP SUL","error":"A consulta não retornou registros"},{"filial":"COMP TRADE","error":"A data informada no filtro (01/09/2023) está fora do período permitido pelo plano (a partir de 03/09/2023)."}],"insertedTotal":0}
=== 2023-10 ===
{"ok":true,"dataInicial":"01/10/2023","dataFinal":"31/10/2023","results":[{"filial":"PAULICOMP SP","error":"A consulta não retornou registros"},{"filial":"PAULICOMP SUL","error":"A consulta não retornou registros"},{"filial":"COMP TRADE","lidos":2,"inseridos":2}],"insertedTotal":2}
=== 2023-11 ===
{"ok":true,"dataInicial":"01/11/2023","dataFinal":"30/11/2023","results":[{"filial":"PAULICOMP SP","error":"A consulta não retornou registros"},{"filial":"PAULICOMP SUL","lidos":3,"inseridos":3},{"filial":"COMP TRADE","lidos":1,"inseridos":1}],"insertedTotal":4}
=== 2023-12 ===
{"ok":true,"dataInicial":"01/12/2023","dataFinal":"31/12/2023","results":[{"filial":"PAULICOMP SP","lidos":42,"inseridos":42},{"filial":"PAULICOMP SUL","lidos":15,"inseridos":15},{"filial":"COMP TRADE","lidos":19,"inseridos":19}],"insertedTotal":76}
=== 2024-01 ===
{"ok":true,"dataInicial":"01/01/2024","dataFinal":"31/01/2024","results":[{"filial":"PAULICOMP SP","error":"ON CONFLICT DO UPDATE command cannot affect row a second time"},{"filial":"PAULICOMP SUL","lidos":466,"inseridos":0},{"filial":"COMP TRADE","lidos":467,"inseridos":0}],"insertedTotal":0}
=== 2024-02 ===
{"ok":true,"dataInicial":"01/02/2024","dataFinal":"29/02/2024","results":[{"filial":"PAULICOMP SP","lidos":231,"inseridos":0},{"filial":"PAULICOMP SUL","lidos":646,"inseridos":0},{"filial":"COMP TRADE","lidos":363,"inseridos":0}],"insertedTotal":0}
=== 2024-03 ===
{"ok":true,"dataInicial":"01/03/2024","dataFinal":"31/03/2024","results":[{"filial":"PAULICOMP SP","lidos":251,"inseridos":0},{"filial":"PAULICOMP SUL","lidos":1026,"inseridos":0},{"filial":"COMP TRADE","lidos":546,"inseridos":0}],"insertedTotal":0}
=== 2024-04 ===
{"ok":true,"dataInicial":"01/04/2024","dataFinal":"30/04/2024","results":[{"filial":"PAULICOMP SP","lidos":291,"inseridos":0},{"filial":"PAULICOMP SUL","lidos":1026,"inseridos":0},{"filial":"COMP TRADE","lidos":507,"inseridos":0}],"insertedTotal":0}
=== 2024-05 ===
{"ok":true,"dataInicial":"01/05/2024","dataFinal":"31/05/2024","results":[{"filial":"PAULICOMP SP","lidos":267,"inseridos":0},{"filial":"PAULICOMP SUL","lidos":723,"inseridos":0},{"filial":"COMP TRADE","lidos":654,"inseridos":0}],"insertedTotal":0}
=== 2024-06 ===
{"ok":true,"dataInicial":"01/06/2024","dataFinal":"30/06/2024","results":[{"filial":"PAULICOMP SP","lidos":259,"inseridos":0},{"filial":"PAULICOMP SUL","lidos":819,"inseridos":616},{"filial":"COMP TRADE","lidos":666,"inseridos":0}],"insertedTotal":616}
=== 2024-07 ===
{"ok":true,"dataInicial":"01/07/2024","dataFinal":"31/07/2024","results":[{"filial":"PAULICOMP SP","lidos":678,"inseridos":0},{"filial":"PAULICOMP SUL","lidos":771,"inseridos":647},{"filial":"COMP TRADE","lidos":676,"inseridos":0}],"insertedTotal":647}
=== 2024-08 ===
{"ok":true,"dataInicial":"01/08/2024","dataFinal":"31/08/2024","results":[{"filial":"PAULICOMP SP","lidos":634,"inseridos":0},{"filial":"PAULICOMP SUL","lidos":675,"inseridos":574},{"filial":"COMP TRADE","lidos":430,"inseridos":0}],"insertedTotal":574}
=== 2024-09 ===
{"ok":true,"dataInicial":"01/09/2024","dataFinal":"30/09/2024","results":[{"filial":"PAULICOMP SP","lidos":642,"inseridos":0},{"filial":"PAULICOMP SUL","lidos":571,"inseridos":475},{"filial":"COMP TRADE","lidos":679,"inseridos":0}],"insertedTotal":475}
=== 2024-10 ===
{"ok":true,"dataInicial":"01/10/2024","dataFinal":"31/10/2024","results":[{"filial":"PAULICOMP SP","lidos":567,"inseridos":0},{"filial":"PAULICOMP SUL","lidos":732,"inseridos":626},{"filial":"COMP TRADE","lidos":570,"inseridos":0}],"insertedTotal":626}
=== 2024-11 ===
{"ok":true,"dataInicial":"01/11/2024","dataFinal":"30/11/2024","results":[{"filial":"PAULICOMP SP","lidos":464,"inseridos":0},{"filial":"PAULICOMP SUL","lidos":818,"inseridos":727},{"filial":"COMP TRADE","lidos":426,"inseridos":0}],"insertedTotal":727}
=== 2024-12 ===
{"ok":true,"dataInicial":"01/12/2024","dataFinal":"31/12/2024","results":[{"filial":"PAULICOMP SP","lidos":330,"inseridos":0},{"filial":"PAULICOMP SUL","lidos":412,"inseridos":350},{"filial":"COMP TRADE","lidos":396,"inseridos":0}],"insertedTotal":350}
=== 2025-01 ===
{"ok":true,"dataInicial":"01/01/2025","dataFinal":"31/01/2025","results":[{"filial":"PAULICOMP SP","lidos":565,"inseridos":0},{"filial":"PAULICOMP SUL","lidos":723,"inseridos":625},{"filial":"COMP TRADE","lidos":403,"inseridos":0}],"insertedTotal":625}
=== 2025-02 ===
{"ok":true,"dataInicial":"01/02/2025","dataFinal":"28/02/2025","results":[{"filial":"PAULICOMP SP","lidos":792,"inseridos":0},{"filial":"PAULICOMP SUL","lidos":804,"inseridos":688},{"filial":"COMP TRADE","lidos":624,"inseridos":0}],"insertedTotal":688}
=== 2025-03 ===
{"ok":true,"dataInicial":"01/03/2025","dataFinal":"31/03/2025","results":[{"filial":"PAULICOMP SP","lidos":1025,"inseridos":0},{"filial":"PAULICOMP SUL","lidos":593,"inseridos":490},{"filial":"COMP TRADE","lidos":313,"inseridos":0}],"insertedTotal":490}
=== 2025-04 ===
{"ok":true,"dataInicial":"01/04/2025","dataFinal":"30/04/2025","results":[{"filial":"PAULICOMP SP","error":"API Bloqueada - Excedido o número de acessos a API, aguarde alguns minutos e tente novamente"},{"filial":"PAULICOMP SUL","lidos":703,"inseridos":596},{"filial":"COMP TRADE","lidos":372,"inseridos":0}],"insertedTotal":596}
=== 2025-05 ===
{"ok":true,"dataInicial":"01/05/2025","dataFinal":"31/05/2025","results":[{"filial":"PAULICOMP SP","lidos":1435,"inseridos":0},{"filial":"PAULICOMP SUL","lidos":698,"inseridos":566},{"filial":"COMP TRADE","lidos":362,"inseridos":0}],"insertedTotal":566}
=== 2025-06 ===
{"ok":true,"dataInicial":"01/06/2025","dataFinal":"30/06/2025","results":[{"filial":"PAULICOMP SP","lidos":1286,"inseridos":0},{"filial":"PAULICOMP SUL","lidos":684,"inseridos":567},{"filial":"COMP TRADE","lidos":449,"inseridos":0}],"insertedTotal":567}
=== 2025-07 ===
{"ok":true,"dataInicial":"01/07/2025","dataFinal":"31/07/2025","results":[{"filial":"PAULICOMP SP","lidos":1170,"inseridos":0},{"filial":"PAULICOMP SUL","lidos":958,"inseridos":839},{"filial":"COMP TRADE","lidos":521,"inseridos":0}],"insertedTotal":839}
=== 2025-08 ===
{"ok":true,"dataInicial":"01/08/2025","dataFinal":"31/08/2025","results":[{"filial":"PAULICOMP SP","lidos":1064,"inseridos":0},{"filial":"PAULICOMP SUL","lidos":869,"inseridos":727},{"filial":"COMP TRADE","lidos":325,"inseridos":0}],"insertedTotal":727}
=== 2025-09 ===
{"ok":true,"dataInicial":"01/09/2025","dataFinal":"30/09/2025","results":[{"filial":"PAULICOMP SP","error":"API Bloqueada - Excedido o número de acessos a API, aguarde alguns minutos e tente novamente"},{"filial":"PAULICOMP SUL","lidos":749,"inseridos":619},{"filial":"COMP TRADE","lidos":483,"inseridos":0}],"insertedTotal":619}
=== 2025-10 ===
{"ok":true,"dataInicial":"01/10/2025","dataFinal":"31/10/2025","results":[{"filial":"PAULICOMP SP","error":"API Bloqueada - Excedido o número de acessos a API, aguarde alguns minutos e tente novamente"},{"filial":"PAULICOMP SUL","lidos":801,"inseridos":668},{"filial":"COMP TRADE","lidos":557,"inseridos":0}],"insertedTotal":668}
=== 2025-11 ===
{"ok":true,"dataInicial":"01/11/2025","dataFinal":"30/11/2025","results":[{"filial":"PAULICOMP SP","error":"API Bloqueada - Excedido o número de acessos a API, aguarde alguns minutos e tente novamente"},{"filial":"PAULICOMP SUL","lidos":780,"inseridos":683},{"filial":"COMP TRADE","lidos":562,"inseridos":0}],"insertedTotal":683}
=== 2025-12 ===
{"ok":true,"dataInicial":"01/12/2025","dataFinal":"31/12/2025","results":[{"filial":"PAULICOMP SP","lidos":1102,"inseridos":0},{"filial":"PAULICOMP SUL","lidos":523,"inseridos":442},{"filial":"COMP TRADE","lidos":515,"inseridos":0}],"insertedTotal":442}
=== 2026-01 ===
{"ok":true,"dataInicial":"01/01/2026","dataFinal":"31/01/2026","results":[{"filial":"PAULICOMP SP","error":"ON CONFLICT DO UPDATE command cannot affect row a second time"},{"filial":"PAULICOMP SUL","lidos":635,"inseridos":532},{"filial":"COMP TRADE","lidos":437,"inseridos":437}],"insertedTotal":969}
=== 2026-02 ===
{"ok":true,"dataInicial":"01/02/2026","dataFinal":"28/02/2026","results":[{"filial":"PAULICOMP SP","lidos":1066,"inseridos":1066},{"filial":"PAULICOMP SUL","lidos":578,"inseridos":464},{"filial":"COMP TRADE","lidos":624,"inseridos":624}],"insertedTotal":2154}
=== 2026-03 ===
{"ok":true,"dataInicial":"01/03/2026","dataFinal":"31/03/2026","results":[{"filial":"PAULICOMP SP","lidos":1367,"inseridos":1367},{"filial":"PAULICOMP SUL","lidos":699,"inseridos":602},{"filial":"COMP TRADE","lidos":473,"inseridos":473}],"insertedTotal":2442}
=== 2026-04 ===
{"ok":true,"dataInicial":"01/04/2026","dataFinal":"30/04/2026","results":[{"filial":"PAULICOMP SP","error":"API Bloqueada - Excedido o número de acessos a API, aguarde alguns minutos e tente novamente"},{"filial":"PAULICOMP SUL","error":"API Bloqueada - Excedido o número de acessos a API, aguarde alguns minutos e tente novamente"},{"filial":"COMP TRADE","error":"API Bloqueada - Excedido o número de acessos a API, aguarde alguns minutos e tente novamente"}],"insertedTotal":0}
=== 2026-05 ===
{"ok":true,"dataInicial":"01/05/2026","dataFinal":"31/05/2026","results":[{"filial":"PAULICOMP SP","error":"Unexpected token 'A', \"API bloque\"... is not valid JSON"},{"filial":"PAULICOMP SUL","error":"API Bloqueada - Excedido o número de acessos a API, aguarde alguns minutos e tente novamente"},{"filial":"COMP TRADE","error":"API Bloqueada - Excedido o número de acessos a API, aguarde alguns minutos e tente novamente"}],"insertedTotal":0}
=== 2026-06 ===
{"ok":true,"dataInicial":"01/06/2026","dataFinal":"30/06/2026","results":[{"filial":"PAULICOMP SP","error":"Unexpected token 'A', \"API bloque\"... is not valid JSON"},{"filial":"PAULICOMP SUL","error":"API Bloqueada - Excedido o número de acessos a API, aguarde alguns minutos e tente novamente"},{"filial":"COMP TRADE","error":"API Bloqueada - Excedido o número de acessos a API, aguarde alguns minutos e tente novamente"}],"insertedTotal":0}
=== 2026-07 ===
{"ok":true,"dataInicial":"01/07/2026","dataFinal":"31/07/2026","results":[{"filial":"PAULICOMP SP","error":"Unexpected token 'A', \"API bloque\"... is not valid JSON"},{"filial":"PAULICOMP SUL","error":"API Bloqueada - Excedido o número de acessos a API, aguarde alguns minutos e tente novamente"},{"filial":"COMP TRADE","error":"API Bloqueada - Excedido o número de acessos a API, aguarde alguns minutos e tente novamente"}],"insertedTotal":0}
=== 2026-08 ===
{"ok":true,"dataInicial":"01/08/2026","dataFinal":"31/08/2026","results":[{"filial":"PAULICOMP SP","error":"Unexpected token 'A', \"API bloque\"... is not valid JSON"},{"filial":"PAULICOMP SUL","lidos":682,"inseridos":0},{"filial":"COMP TRADE","lidos":191,"inseridos":0}],"insertedTotal":0}
=== 2026-09 ===
{"ok":true,"dataInicial":"01/09/2026","dataFinal":"30/09/2026","results":[{"filial":"PAULICOMP SP","error":"Unexpected token 'A', \"API bloque\"... is not valid JSON"},{"filial":"PAULICOMP SUL","lidos":40,"inseridos":0},{"filial":"COMP TRADE","lidos":20,"inseridos":2}],"insertedTotal":2}
FULFILLMENT BACKFILL COMPLETE
